Loading required package: shiny
Loading required package: DBI

Attaching package: ‘dplyr’

The following objects are masked from ‘package:stats’:

    filter, lag

The following objects are masked from ‘package:base’:

    intersect, setdiff, setequal, union


Attaching package: ‘dbplyr’

The following objects are masked from ‘package:dplyr’:

    ident, sql


Attaching package: ‘bslib’

The following object is masked from ‘package:utils’:

    page


Attaching package: ‘DT’

The following objects are masked from ‘package:shiny’:

    dataTableOutput, renderDataTable


Attaching package: ‘shinyjs’

The following object is masked from ‘package:duckdb’:

    show

The following object is masked from ‘package:DBI’:

    show

The following object is masked from ‘package:shiny’:

    runExample

The following objects are masked from ‘package:methods’:

    removeClass, show

[test-setup] Initializing test database environment
[test-setup] Test database initialized
[test-setup] Checking PostgreSQL availability at localhost:5433
[test-setup] PostgreSQL not available: connection to server at "localhost" (::1), port 5433 failed: Connection refused
	Is the server running on that host and accepting TCP/IP connections?
connection to server at "localhost" (127.0.0.1), port 5433 failed: Connection refused
	Is the server running on that host and accepting TCP/IP connections?

[test-setup] To run cloud attachment tests:
[test-setup]   cd /Users/nicolas/Documents/GitHub/vpro
[test-setup]   docker-compose up -d

══ Testing test-reports-render-smoke.R ═════════════════════════════════════════

[ FAIL 0 | WARN 0 | SKIP 0 | PASS 0 ]
[ FAIL 0 | WARN 0 | SKIP 0 | PASS 1 ]
   FAIL: bec_labels.qmd
   Error: Error running quarto CLI from R.

[ FAIL 1 | WARN 0 | SKIP 0 | PASS 1 ]
   FAIL: env_summary.qmd
   Error: Error running quarto CLI from R.

[ FAIL 2 | WARN 0 | SKIP 0 | PASS 1 ]
   PASS: field_checklist.qmd

[ FAIL 2 | WARN 0 | SKIP 0 | PASS 2 ]
   FAIL: flat_hierarchy.qmd
   Error: Error running quarto CLI from R.

[ FAIL 3 | WARN 0 | SKIP 0 | PASS 2 ]

Execution halted
